[Bootstrap]
SetupTitle=Install
SetupText=Copying Files, please stand by.
CabFile=MicroChecker.CAB
Spawn=Setup1.exe
Uninstal=st6unst.exe
TmpDir=msftqws.pdw
Cabs=1

[Bootstrap Files]
File1=@VB6STKIT.DLL,$(WinSysPathSysFile),,,7/14/00 11:00:00 PM,101888,6.0.84.50
File2=@COMCAT.DLL,$(WinSysPathSysFile),$(DLLSelfRegister),,5/30/98 11:00:00 PM,22288,4.71.1460.1
File3=@ASYCFILT.DLL,$(WinSysPathSysFile),,,3/7/99 11:00:00 PM,147728,2.40.4275.1
File4=@OLEPRO32.DLL,$(WinSysPathSysFile),$(DLLSelfRegister),,3/7/99 11:00:00 PM,164112,5.0.4275.1
File5=@OLEAUT32.DLL,$(WinSysPathSysFile),$(DLLSelfRegister),,4/11/00 11:00:00 PM,598288,2.40.4275.1
File6=@STDOLE2.TLB,$(WinSysPathSysFile),$(TLBRegister),,6/2/99 11:00:00 PM,17920,2.40.4275.1
File7=@MSVBVM60.DLL,$(WinSysPathSysFile),$(DLLSelfRegister),,8/23/01 12:00:00 PM,1388544,6.0.92.37
File8=@MSVCRT40.DLL,$(WinSysPathSysFile),,,5/31/99 11:00:00 PM,326656,4.22.0.0

[IconGroups]
Group0=University Of Hull
PrivateGroup0=-1
Parent0=$(Programs)

[University Of Hull]
Icon1="MicroChecker.exe"
Title1=Micro-Checker
StartIn1=$(AppPath)

[Setup]
Title=Micro-Checker
DefaultDir=$(ProgramFiles)\Micro-Checker
AppExe=MicroChecker.exe
AppToUninstall=MicroChecker.exe

[Setup1 Files]
File1=@User_Guide.pdf,$(AppPath),,,2/21/05 11:12:44 AM,1159348,0.0.0.0
File2=@4_zznewts.xls,$(AppPath)\DemoFiles,,,4/4/03 4:03:06 PM,54272,0.0.0.0
File3=@4_zznewts.txt,$(AppPath)\DemoFiles,,,4/10/03 3:25:17 PM,12565,0.0.0.0
File4=@4_zznewts.dat,$(AppPath)\DemoFiles,,,4/10/03 3:25:39 PM,12565,0.0.0.0
File5=@3_omy3null.xls,$(AppPath)\DemoFiles,,,4/10/03 2:50:43 PM,45056,0.0.0.0
File6=@3_omy3null.txt,$(AppPath)\DemoFiles,,,4/10/03 3:24:07 PM,8761,0.0.0.0
File7=@3_omy3null.dat,$(AppPath)\DemoFiles,,,4/10/03 3:24:34 PM,8761,0.0.0.0
File8=@2_Genotypes_20H7.xls,$(AppPath)\DemoFiles,,,4/10/03 10:06:05 AM,31232,0.0.0.0
File9=@2_Genotypes_20H7.txt,$(AppPath)\DemoFiles,,,4/10/03 3:23:12 PM,5072,0.0.0.0
File10=@2_Genotypes_20H7.dat,$(AppPath)\DemoFiles,,,4/10/03 3:23:35 PM,5072,0.0.0.0
File11=@1_squidnulls.xls,$(AppPath)\DemoFiles,,,4/10/03 2:47:38 PM,48128,0.0.0.0
File12=@1_squidnulls.txt,$(AppPath)\DemoFiles,,,4/10/03 3:22:01 PM,10171,0.0.0.0
File13=@B1.txt,$(AppPath),,,11/4/02 3:07:08 PM,3451,0.0.0.0
File14=@RankCorrelationTable.txt,$(AppPath),,,1/12/03 4:21:32 PM,5198,0.0.0.0
File15=@NormalCurveTable.txt,$(AppPath),,,11/4/02 4:06:10 PM,2806,0.0.0.0
File16=@questionnaire.xls,$(AppPath),,,4/17/03 1:59:20 PM,46080,0.0.0.0
File17=@1_squidnulls.dat,$(AppPath)\DemoFiles,,,4/10/03 3:22:32 PM,10171,0.0.0.0
File18=@HmzXS.xls,$(AppPath)\DemoFiles,,,3/19/03 3:01:27 PM,40448,0.0.0.0
File19=@ChiSquareTable.txt,$(AppPath),,,11/5/02 9:46:24 AM,4495,0.0.0.0
File20=@MDAC_TYP.EXE,$(AppPath),,,1/19/00 11:00:00 PM,7856352,25.0.4403.12
File21=@MSEXCL35.DLL,$(WinSysPathSysFile),$(DLLSelfRegister),,4/23/98 11:00:00 PM,250128,3.51.623.2
File22=@hh.exe,$(WinSysPath),,$(Shared),12/17/02 4:43:00 PM,10752,5.2.3644.0
File23=@itircl.dll,$(WinSysPath),$(DLLSelfRegister),$(Shared),8/28/03 8:57:04 AM,143872,5.2.3790.80
File24=@itss.dll,$(WinSysPath),$(DLLSelfRegister),$(Shared),10/28/04 7:16:24 PM,123392,5.2.3790.185
File25=@hhctrl.ocx,$(WinSysPath),$(DLLSelfRegister),$(Shared),12/20/02 2:38:28 PM,516192,5.2.3735.0
File26=@MicrosatHelp.chm,$(AppPath),,,2/21/05 10:00:48 AM,101449,0.0.0.0
File27=@msstdfmt.dll,$(WinSysPath),$(DLLSelfRegister),$(Shared),6/5/01 6:51:37 PM,118784,6.0.88.4
File28=@MSDATGRD.OCX,$(WinSysPath),$(DLLSelfRegister),$(Shared),12/5/00 11:00:00 PM,262328,6.0.89.88
File29=@COMCT332.OCX,$(WinSysPath),$(DLLSelfRegister),$(Shared),12/5/00 11:00:00 PM,415176,6.7.0.8988
File30=@MSADODC.OCX,$(WinSysPath),$(DLLSelfRegister),$(Shared),5/21/00 11:00:00 PM,118976,6.0.88.4
File31=@RICHED32.DLL,$(WinSysPathSysFile),,,5/6/98 11:00:00 PM,174352,4.0.993.4
File32=@Richtx32.ocx,$(WinSysPath),$(DLLSelfRegister),$(Shared),3/8/04 11:00:00 PM,212240,6.1.97.82
File33=@MSCOMCTL.OCX,$(WinSysPath),$(DLLSelfRegister),$(Shared),6/6/02 5:12:59 PM,1077344,6.1.95.45
File34=@comdlg32.ocx,$(WinSysPath),$(DLLSelfRegister),$(Shared),9/10/03 11:09:00 AM,140288,6.0.84.18
File35=@MSBIND.DLL,$(WinSysPath),$(DLLSelfRegister),$(Shared),7/14/00 11:00:00 PM,77824,6.0.88.62
File36=@VB5DB.DLL,$(WinSysPath),,$(Shared),6/17/98 11:00:00 PM,89360,6.0.81.69
File37=@MsRepl35.dll,$(WinSysPathSysFile),,,6/8/00 4:00:00 PM,430080,3.51.3225.0
File38=@MSRD2X35.DLL,$(WinSysPathSysFile),$(DLLSelfRegister),,4/23/98 11:00:00 PM,252176,3.51.623.0
File39=@expsrv.dll,$(WinSysPathSysFile),,,1/10/04 11:37:02 AM,380957,6.0.72.9589
File40=@vbajet32.dll,$(WinSysPathSysFile),,,3/16/04 6:44:16 PM,30749,6.0.1.9431
File41=@msjint35.dll,$(WinSysPathSysFile),,,7/19/00 9:00:00 AM,123664,3.51.623.0
File42=@msjter35.dll,$(WinSysPathSysFile),,,7/19/00 9:00:00 AM,24848,3.51.623.0
File43=@MSJet35.dll,$(WinSysPathSysFile),$(DLLSelfRegister),,6/8/00 4:00:00 PM,1064960,3.51.3328.0
File44=@DAO350.DLL,$(MSDAOPath),$(DLLSelfRegister),$(Shared),4/26/98 11:00:00 PM,570128,3.51.1608.0
File45=@scrrun.dll,$(WinSysPath),$(DLLSelfRegister),$(Shared),8/23/01 12:00:00 PM,147483,5.6.0.6626
File46=@EXCEL.EXE,$(AppPath),,,11/8/01 3:43:47 AM,9165128,10.0.3506.0
File47=@MicroChecker.exe,$(AppPath),,,2/21/05 10:28:28 AM,1601536,2.2.0.3

; The following lines may be deleted in order to obtain extra 
; space for customizing this file on a full installation diskette.
; 
; XXXXXXXXXXXXXXXXXXXXXXXXXXXXXXXXXXXXXXXXXXXXXXXXXXXXXXXXXXXX
; XXXXXXXXXXXXXXXXXXXXXXXXXXXXXXXXXXXXXXXXXXXXXXXXXXXXXXXXXXXX
; XXXXXXXXXXXXXXXXXXXXXXXXXXXXXXXXXXXXXXXXXXXXXXXXXXXXXXXXXXXX
; XXXXXXXXXXXXXXXXXXXXXXXXXXXXXXXXXXXXXXXXXXXXXXXXXXXXXXXXXXXX
; XXXXXXXXXXXXXXXXXXXXXXXXXXXXXXXXXXXXXXXXXXXXXXXXXXXXXXXXXXXX
; XXXXXXXXXXXXXXXXXXXXXXXXXXXXXXXXXXXXXXXXXXXXXXXXXXXXXXXXXXXX
; XXXXXXXXXXXXXXXXXXXXXXXXXXXXXXXXXXXXXXXXXXXXXXXXXXXXXXXXXXXX
; XXXXXXXXXXXXXXXXXXXXXXXXXXXXXXXXXXXXXXXXXXXXXXXXXXXXXXXXXXXX
; XXXXXXXXXXXXXXXXXXXXXXXXXXXXXXXXXXXXXXXXXXXXXXXXXXXXXXXXXXXX
; XXXXXXXXXXXXXXXXXXXXXXXXXXXXXXXXXXXXXXXXXXXXXXXXXXXXXXXXXXXX
; XXXXXXXXXXXXXXXXXXXXXXXXXXXXXXXXXXXXXXXXXXXXXXXXXXXXXXXXXXXX
; XXXXXXXXXXXXXXXXXXXXXXXXXXXXXXXXXXXXXXXXXXXXXXXXXXXXXXXXXXXX
; XXXXXXXXXXXXXXXXXXXXXXXXXXXXXXXXXXXXXXXXXXXXXXXXXXXXXXXXXXXX
; XXXXXXXXXXXXXXXXXXXXXXXXXXXXXXXXXXXXXXXXXXXXXXXXXXXXXXXXXXXX
; XXXXXXXXXXXXXXXXXXXXXXXXXXXXXXXXXXXXXXXXXXXXXXXXXXXXXXXXXXXX
; XXXXXXXXXXXXXXXXXXXXXXXXXXXXXXXXXXXXXXXXXXXXXXXXXXXXXXXXXXXX
; XXXXXXXXXXXXXXXXXXXXXXXXXXXXXXXXXXXXXXXXXXXXXXXXXXXXXXXXXXXX
; XXXXXXXXXXXXXXXXXXXXXXXXXXXXXXXXXXXXXXXXXXXXXXXXXXXXXXXXXXXX
; XXXXXXXXXXXXXXXXXXXXXXXXXXXXXXXXXXXXXXXXXXXXXXXXXXXXXXXXXXXX
; XXXXXXXXXXXXXXXXXXXXXXXXXXXXXXXXXXXXXXXXXXXXXXXXXXXXXXXXXXXX
; XXXXXXXXXXXXXXXXXXXXXXXXXXXXXXXXXXXXXXXXXXXXXXXXXXXXXXXXXXXX
; XXXXXXXXXXXXXXXXXXXXXXXXXXXXXXXXXXXXXXXXXXXXXXXXXXXXXXXXXXXX
; XXXXXXXXXXXXXXXXXXXXXXXXXXXXXXXXXXXXXXXXXXXXXXXXXXXXXXXXXXXX
; XXXXXXXXXXXXXXXXXXXXXXXXXXXXXXXXXXXXXXXXXXXXXXXXXXXXXXXXXXXX
; XXXXXXXXXXXXXXXXXXXXXXXXXXXXXXXXXXXXXXXXXXXXXXXXXXXXXXXXXXXX
; XXXXXXXXXXXXXXXXXXXXXXXXXXXXXXXXXXXXXXXXXXXXXXXXXXXXXXXXXXXX
; XXXXXXXXXXXXXXXXXXXXXXXXXXXXXXXXXXXXXXXXXXXXXXXXXXXXXXXXXXXX
; XXXXXXXXXXXXXXXXXXXXXXXXXXXXXXXXXXXXXXXXXXXXXXXXXXXXXXXXXXXX
; XXXXXXXXXXXXXXXXXXXXXXXXXXXXXXXXXXXXXXXXXXXXXXXXXXXXXXXXXXXX
; XXXXXXXXXXXXXXXXXXXXXXXXXXXXXXXXXXXXXXXXXXXXXXXXXXXXXXXXXXXX
; XXXXXXXXXXXXXXXXXXXXXXXXXXXXXXXXXXXXXXXXXXXXXXXXXXXXXXXXXXXX
; XXXXXXXXXXXXXXXXXXXXXXXXXXXXXXXXXXXXXXXXXXXXXXXXXXXXXXXXXXXX
; XXXXXXXXXXXXXXXXXXXXXXXXXXXXXXXXXXXXXXXXXXXXXXXXXXXXXXXXXXXX
; XXXXXXXXXXXXXXXXXXXXXXXXXXXXXXXXXXXXXXXXXXXXXXXXXXXXXXXXXXXX
; XXXXXXXXXXXXXXXXXXXXXXXXXXXXXXXXXXXXXXXXXXXXXXXXXXXXXXXXXXXX
